// Jest Snapshot v1, https://goo.gl/fbAQLP

exports[`Box test 1`] = `
<div
  className="sc-bdfBwQ QQPDI"
>
  something
</div>
`;
